// Jest Snapshot v1, https://goo.gl/fbAQLP

exports[`should render ArticleCard correctly 1`] = `
<div
  className="sc-bwzfXH egPcon"
>
  <div
    className="sc-htpNat jXHKvM"
    title="TITLE"
  />
  <div
    className="sc-bZQynM bdZCbq"
  >
    <span
      className="sc-gzVnrw lFPpP"
    >
      Aug 10 2019
    </span>
    <span
      className="sc-gzVnrw sc-htoDjs bpBiuV"
    >
      AUTHOR
    </span>
    <a
      className="sc-dnqmqq fTZfxW"
      rel="noopener noreferrer"
      target="_blank"
    >
      NAME
    </a>
  </div>
  <h2
    className="sc-bxivhb leuzNu"
  >
    TITLE
  </h2>
  <p
    className="sc-ifAKCX icdYMR"
  >
    CONTENT
  </p>
  <button
    className="sc-bdVaJa eVcwAM"
    disabled={false}
    onClick={[Function]}
    size="regular"
    type="primary"
  >
    Read More
  </button>
</div>
`;
