// Jest Snapshot v1, https://goo.gl/fbAQLP

exports[`ArticleCard is rendered correctly 1`] = `
<div
  className="sc-bwzfXH hwPgcX"
>
  <div
    alt="TITLE"
    className="sc-htpNat eLZMyj"
  />
  <div
    className="sc-bZQynM bdZCbq"
  >
    <span
      className="sc-gzVnrw lFPpP"
    >
      Aug 10 2019
    </span>
    <span
      className="sc-htoDjs bhWAGR"
    >
      AUTHOR
    </span>
    <a
      className="sc-dnqmqq JTDYf"
    >
      NAME
    </a>
  </div>
  <h2
    className="sc-bxivhb ladvwN"
  >
    TITLE
  </h2>
  <p
    className="sc-ifAKCX icdYMR"
  >
    CONTENT
  </p>
  <button
    className="sc-bdVaJa doiMwP"
    disabled={false}
    onClick={[Function]}
    size="regular"
    type="primary"
  >
    Read More
  </button>
</div>
`;
