// Jest Snapshot v1, https://goo.gl/fbAQLP

exports[`App is rendered correctly 1`] = `
<div>
  <header
    className="sc-bdVaJa bDWFJH"
  >
    <h1
      className="sc-bwzfXH bgtvPU"
    >
      HOME
    </h1>
  </header>
   
  <button
    onClick={[Function]}
    type="button"
  >
    MORE
  </button>
</div>
`;
