// Jest Snapshot v1, https://goo.gl/fbAQLP

exports[`ArticlesList should be rendered rendered correctly 1`] = `
<div
  className="sc-bdVaJa glwcuW"
>
  <div
    className="sc-bxivhb dernUS"
  >
    <div
      className="sc-ifAKCX bxjQWs"
    />
    <div
      className="sc-htoDjs cRxafb"
    >
      <span
        className="sc-dnqmqq hBpdmm"
      >
        Aug 26 2018
      </span>
      <span
        className="sc-dnqmqq sc-iwsKbI fFdvtX"
      >
        Dan Abramov
      </span>
      <a
        className="sc-gZMcBi kifsrt"
        rel="noopener noreferrer"
        target="_blank"
      >
        Medium
      </a>
    </div>
    <h2
      className="sc-EHOje bjWfG"
    />
    <p
      className="sc-bZQynM kmgnWI"
    />
    <button
      className="sc-htpNat evLaha"
      disabled={false}
      onClick={[Function]}
      size="regular"
      type="primary"
    >
      Read More
    </button>
  </div>
  <div
    className="sc-bxivhb dernUS"
  >
    <div
      className="sc-ifAKCX bxjQWs"
    />
    <div
      className="sc-htoDjs cRxafb"
    >
      <span
        className="sc-dnqmqq hBpdmm"
      >
        Jan 23 2019
      </span>
      <span
        className="sc-dnqmqq sc-iwsKbI fFdvtX"
      >
        Kyle Simpson
      </span>
      <a
        className="sc-gZMcBi kifsrt"
        rel="noopener noreferrer"
        target="_blank"
      >
        HackerNoon
      </a>
    </div>
    <h2
      className="sc-EHOje bjWfG"
    />
    <p
      className="sc-bZQynM kmgnWI"
    />
    <button
      className="sc-htpNat evLaha"
      disabled={false}
      onClick={[Function]}
      size="regular"
      type="primary"
    >
      Read More
    </button>
  </div>
  <div
    className="sc-bxivhb dernUS"
  >
    <div
      className="sc-ifAKCX bxjQWs"
    />
    <div
      className="sc-htoDjs cRxafb"
    >
      <span
        className="sc-dnqmqq hBpdmm"
      >
        Mar 23 2018
      </span>
      <span
        className="sc-dnqmqq sc-iwsKbI fFdvtX"
      >
        Douglas Crockford
      </span>
      <a
        className="sc-gZMcBi kifsrt"
        rel="noopener noreferrer"
        target="_blank"
      >
        Medium
      </a>
    </div>
    <h2
      className="sc-EHOje bjWfG"
    />
    <p
      className="sc-bZQynM kmgnWI"
    />
    <button
      className="sc-htpNat evLaha"
      disabled={false}
      onClick={[Function]}
      size="regular"
      type="primary"
    >
      Read More
    </button>
  </div>
</div>
`;
