// Jest Snapshot v1, https://goo.gl/fbAQLP

exports[`ArticlesList is rendered correctly 1`] = `
<div
  className="sc-bdVaJa glwcuW"
>
  <div
    className="sc-htpNat iqvSGy"
  >
    <div
      className="sc-bxivhb hOjknm"
    />
    <div
      className="sc-gzVnrw uGeRG"
    >
      <span
        className="sc-htoDjs gaFIfX"
      >
        Aug 26 2018
      </span>
      <span
        className="sc-dnqmqq fUSNBF"
      >
        Dan Abramov
      </span>
      <a
        className="sc-iwsKbI hLNtPO"
      >
        Medium
      </a>
    </div>
    <h2
      className="sc-ifAKCX lejNoY"
    />
    <p
      className="sc-EHOje htbPhC"
    />
    <button
      className="sc-bwzfXH jZqDKj"
      disabled={false}
      onClick={[Function]}
      size="regular"
      type="primary"
    >
      Read More
    </button>
  </div>
  <div
    className="sc-htpNat iqvSGy"
  >
    <div
      className="sc-bxivhb hOjknm"
    />
    <div
      className="sc-gzVnrw uGeRG"
    >
      <span
        className="sc-htoDjs gaFIfX"
      >
        Jan 23 2019
      </span>
      <span
        className="sc-dnqmqq fUSNBF"
      >
        Kyle Simpson
      </span>
      <a
        className="sc-iwsKbI hLNtPO"
      >
        HackerNoon
      </a>
    </div>
    <h2
      className="sc-ifAKCX lejNoY"
    />
    <p
      className="sc-EHOje htbPhC"
    />
    <button
      className="sc-bwzfXH jZqDKj"
      disabled={false}
      onClick={[Function]}
      size="regular"
      type="primary"
    >
      Read More
    </button>
  </div>
  <div
    className="sc-htpNat iqvSGy"
  >
    <div
      className="sc-bxivhb hOjknm"
    />
    <div
      className="sc-gzVnrw uGeRG"
    >
      <span
        className="sc-htoDjs gaFIfX"
      >
        Mar 23 2018
      </span>
      <span
        className="sc-dnqmqq fUSNBF"
      >
        Douglas Crockford
      </span>
      <a
        className="sc-iwsKbI hLNtPO"
      >
        Medium
      </a>
    </div>
    <h2
      className="sc-ifAKCX lejNoY"
    />
    <p
      className="sc-EHOje htbPhC"
    />
    <button
      className="sc-bwzfXH jZqDKj"
      disabled={false}
      onClick={[Function]}
      size="regular"
      type="primary"
    >
      Read More
    </button>
  </div>
</div>
`;
